exports[`ClassManager Component renders class components 1`] = `
<Pivot>
  <PivotItem
    itemKey="class-info"
    linkText="Class Details">
    <Connect(ClassInfo) />
  </PivotItem>
  <PivotItem
    itemKey="class-browse"
    linkText="Browse Class">
    <Connect(ClassBrowser) />
  </PivotItem>
  <PivotItem
    itemKey="class-instance"
    linkText="Create Instance">
    <Connect(ClassInstance) />
  </PivotItem>
  <PivotItem
    itemKey="class-delete"
    linkText="Delete">
    <Connect(ClassDelete) />
  </PivotItem>
</Pivot>
`;
