// Jest Snapshot v1, https://goo.gl/fbAQLP

exports[`displays index information 1`] = `
<div>
  <h3>
    Index Details
  </h3>
  <div
    className="ms-Grid-row"
  >
    <div
      className="ms-Grid-col ms-u-sm12 ms-u-md6"
    >
      <dl>
        <dt>
          Name
        </dt>
        <dd>
          a-index
        </dd>
        <dt>
          Source
        </dt>
        <dd>
          <Link
            onlyActiveOnIndex={false}
            style={Object {}}
            to="/db/a-db/a-class"
          >
            a-class
          </Link>
        </dd>
      </dl>
    </div>
    <div
      className="ms-Grid-col ms-u-sm12 ms-u-md6"
    >
      <dl>
        <dt>
          Active
        </dt>
        <dd>
          true
        </dd>
        <dt>
          Unique
        </dt>
        <dd>
          false
        </dd>
        <dt>
          Partitions
        </dt>
        <dd>
          10
        </dd>
      </dl>
    </div>
  </div>
  <div
    className="ms-Grid-row"
  >
    <div
      className="ms-Grid-col ms-u-sm12 ms-u-md6"
    >
      <h3>
        Terms
      </h3>
      <ul>
        <li>
          data
          name
           =&gt; casefold
        </li>
      </ul>
    </div>
    <div
      className="ms-Grid-col ms-u-sm12 ms-u-md6"
    >
      <h3>
        Values
      </h3>
      <ul>
        <li>
          ref
        </li>
      </ul>
    </div>
  </div>
</div>
`;
