exports[`KeysList Component should render an empty page 1`] = `
<InstancesList
  onSelectRef={[Function]}
  query={[Function]} />
`;
