exports[`test should turn spinner OFF when NOT monitoring activity 1`] = `null`;

exports[`test should turn spinner ON when monitoring activity 1`] = `
<Spinner
  className="activity-monitor"
  type={0} />
`;
