// Jest Snapshot v1, https://goo.gl/fbAQLP

exports[`KeysForm Component should create a new key on submit 1`] = `
<div>
  <Connect(SchemaForm)
    buttonText="Create Key"
    onFinish={[Function]}
    onSubmit={[Function]}
    title="Create a new key"
  >
    <TextField
      autoAdjustHeight={false}
      borderless={false}
      deferredValidationTime={200}
      errorMessage=""
      label="Name"
      multiline={false}
      onBeforeChange={[Function]}
      onChanged={[Function]}
      onGetErrorMessage={[Function]}
      onNotifyValidationResult={[Function]}
      resizable={true}
      underlined={false}
      validateOnFocusIn={false}
      validateOnFocusOut={false}
      validateOnLoad={true}
      value="server-key"
    />
    <WithResponsiveMode
      label="Role"
      onChanged={[Function]}
      options={
        Array [
          Object {
            "itemType": 0,
            "key": "admin",
            "text": "admin",
          },
          Object {
            "itemType": 0,
            "key": "server",
            "text": "server",
          },
          Object {
            "itemType": 0,
            "key": "server-readonly",
            "text": "server-readonly",
          },
          Object {
            "itemType": 0,
            "key": "client",
            "text": "client",
          },
        ]
      }
      selectedKey="admin"
    />
    <p
      className="ms-TextField-description"
    >
      Check 
      <a
        href="https://app.fauna.com/documentation/intro/security"
        rel="noopener noreferrer"
        target="_blank"
      >
        https://app.fauna.com/documentation/intro/security
      </a>
       for more information about the key's role.
    </p>
    <WithResponsiveMode
      label="Database"
      onChanged={[Function]}
      options={
        Array [
          Object {
            "itemType": 0,
            "key": "db1",
            "text": "db1",
          },
          Object {
            "itemType": 0,
            "key": "db2",
            "text": "db2",
          },
        ]
      }
      selectedKey="db1"
    />
  </Connect(SchemaForm)>
</div>
`;

exports[`KeysForm Component should create a new key on submit 2`] = `
<div>
  <Connect(SchemaForm)
    buttonText="Create Key"
    onFinish={[Function]}
    onSubmit={[Function]}
    title="Create a new key"
  >
    <TextField
      autoAdjustHeight={false}
      borderless={false}
      deferredValidationTime={200}
      errorMessage=""
      label="Name"
      multiline={false}
      onBeforeChange={[Function]}
      onChanged={[Function]}
      onGetErrorMessage={[Function]}
      onNotifyValidationResult={[Function]}
      resizable={true}
      underlined={false}
      validateOnFocusIn={false}
      validateOnFocusOut={false}
      validateOnLoad={true}
      value=""
    />
    <WithResponsiveMode
      label="Role"
      onChanged={[Function]}
      options={
        Array [
          Object {
            "itemType": 0,
            "key": "admin",
            "text": "admin",
          },
          Object {
            "itemType": 0,
            "key": "server",
            "text": "server",
          },
          Object {
            "itemType": 0,
            "key": "server-readonly",
            "text": "server-readonly",
          },
          Object {
            "itemType": 0,
            "key": "client",
            "text": "client",
          },
        ]
      }
      selectedKey={null}
    />
    <p
      className="ms-TextField-description"
    >
      Check 
      <a
        href="https://app.fauna.com/documentation/intro/security"
        rel="noopener noreferrer"
        target="_blank"
      >
        https://app.fauna.com/documentation/intro/security
      </a>
       for more information about the key's role.
    </p>
    <WithResponsiveMode
      label="Database"
      onChanged={[Function]}
      options={
        Array [
          Object {
            "itemType": 0,
            "key": "db1",
            "text": "db1",
          },
          Object {
            "itemType": 0,
            "key": "db2",
            "text": "db2",
          },
        ]
      }
      selectedKey={null}
    />
  </Connect(SchemaForm)>
  <div>
    <br />
    <MessageBar
      isMultiline={true}
      messageBarType={3}
      onDismiss={null}
    >
      Your key's secret is: 
      <pre>
        one-time-secret
      </pre>
      Be aware that this secret won't be displayed again.
    </MessageBar>
  </div>
</div>
`;

exports[`KeysForm Component should render an empty form 1`] = `
<div>
  <Connect(SchemaForm)
    buttonText="Create Key"
    onFinish={[Function]}
    onSubmit={[Function]}
    title="Create a new key"
  >
    <TextField
      autoAdjustHeight={false}
      borderless={false}
      deferredValidationTime={200}
      errorMessage=""
      label="Name"
      multiline={false}
      onBeforeChange={[Function]}
      onChanged={[Function]}
      onGetErrorMessage={[Function]}
      onNotifyValidationResult={[Function]}
      resizable={true}
      underlined={false}
      validateOnFocusIn={false}
      validateOnFocusOut={false}
      validateOnLoad={true}
      value=""
    />
    <WithResponsiveMode
      label="Role"
      onChanged={[Function]}
      options={
        Array [
          Object {
            "itemType": 0,
            "key": "admin",
            "text": "admin",
          },
          Object {
            "itemType": 0,
            "key": "server",
            "text": "server",
          },
          Object {
            "itemType": 0,
            "key": "server-readonly",
            "text": "server-readonly",
          },
          Object {
            "itemType": 0,
            "key": "client",
            "text": "client",
          },
        ]
      }
      selectedKey={null}
    />
    <p
      className="ms-TextField-description"
    >
      Check 
      <a
        href="https://app.fauna.com/documentation/intro/security"
        rel="noopener noreferrer"
        target="_blank"
      >
        https://app.fauna.com/documentation/intro/security
      </a>
       for more information about the key's role.
    </p>
    <WithResponsiveMode
      label="Database"
      onChanged={[Function]}
      options={
        Array [
          Object {
            "itemType": 0,
            "key": "db1",
            "text": "db1",
          },
          Object {
            "itemType": 0,
            "key": "db2",
            "text": "db2",
          },
        ]
      }
      selectedKey={null}
    />
  </Connect(SchemaForm)>
</div>
`;
