// Jest Snapshot v1, https://goo.gl/fbAQLP

exports[`should turn spinner OFF when NOT monitoring activity 1`] = `null`;

exports[`should turn spinner ON when monitoring activity 1`] = `
<Spinner
  ariaLive="polite"
  className="activity-monitor"
  size={2}
/>
`;
